<html>
<body>
<pre>
<h1>µVision Build Log</h1>
<h2>Tool Versions:</h2>
IDE-Version: µVision V5.29.0.0
Copyright (C) 2019 ARM Ltd and ARM Germany GmbH. All rights reserved.
License Information: efim ilin, MIPT, LIC=14HV2-9BNTV-WF0I7-ER2LT-03QT5-JDMT6
 
Tool Versions:
Toolchain:       MDK-ARM Plus  Version: 5.29.0.0
Toolchain Path:  C:\Keil_v5\ARM\ARMCC\Bin
C Compiler:      Armcc.exe V5.06 update 6 (build 750)
Assembler:       Armasm.exe V5.06 update 6 (build 750)
Linker/Locator:  ArmLink.exe V5.06 update 6 (build 750)
Library Manager: ArmAr.exe V5.06 update 6 (build 750)
Hex Converter:   FromElf.exe V5.06 update 6 (build 750)
CPU DLL:         SARMCM3.DLL V5.29.0.0
Dialog DLL:      DCM.DLL V1.17.3.0
Target DLL:      Segger\JL2CM3.dll V2.99.36.0
Dialog DLL:      TCM.DLL V1.36.5.0
 
<h2>Project:</h2>
C:\dome_hir\Git\docs_source\ARM\Milandr\Eval_1968BE92Q\From Lyonya\Samples\Sample 2.1\_Project\Project.uvprojx
Project File Date:  03/11/2020

<h2>Output:</h2>
*** Using Compiler 'V5.06 update 6 (build 750)', folder: 'C:\Keil_v5\ARM\ARMCC\Bin'
Rebuild target '1986VE92U'
compiling led.c...
compiling main.c...
compiling btn.c...
assembling startup_MDR32F9Qx.s...
compiling system_MDR32F9Qx.c...
linking...
Program Size: Code=976 RO-data=224 RW-data=4 ZI-data=1636  
FromELF: creating hex file...
".\Objects\1986VE92U.axf" - 0 Error(s), 0 Warning(s).

<h2>Software Packages used:</h2>

Package Vendor: Keil
                http://www.keil.com/pack/Keil.MDR1986BExx.1.5.3.pack
                Keil.MDR1986BExx.1.5.3
                Milandr MDR1986BExx Series Device Support, Drivers and Examples
   * Component: Startup Version: 1.5

<h2>Collection of Component include folders:</h2>
  .\RTE\Device\MDR1986BE92
  .\RTE\_1986VE92U
  C:\Keil_v5\Arm\Packs\Keil\MDR1986xx\Libraries\CMSIS\CM3\CoreSupport
  C:\Keil_v5\Arm\Packs\Keil\MDR1986xx\Libraries\CMSIS\CM3\DeviceSupport\MDR32F9Qx\inc

<h2>Collection of Component Files used:</h2>

   * Component: Keil::Device:Startup:1.5
      Source file:   Libraries\CMSIS\CM3\DeviceSupport\MDR32F9Qx\startup\arm\system_MDR32F9Qx.c
      Include file:  Libraries\CMSIS\CM3\CoreSupport\core_cm3.h
      Source file:   Libraries\CMSIS\CM3\DeviceSupport\MDR32F9Qx\startup\arm\startup_MDR32F9Qx.s
      Include file:  Config\MDR32F9Qx_config.h
      Include file:  Libraries\CMSIS\CM3\DeviceSupport\MDR32F9Qx\startup\arm\system_MDR32F9Qx.h
Build Time Elapsed:  00:00:00
</pre>
</body>
</html>
